Microchip MPLAB XC8 Compiler V2.32

Linker command line:

-W-3 --edf=C:\Program Files\Microchip\xc8\v2.32\pic\dat\en_msgs.txt -cn \
  -h+dist/default/production\4pinusing_ininterrupts.X.production.sym \
  --cmf=dist/default/production\4pinusing_ininterrupts.X.production.cmf -z \
  -Q16F887 -oC:\Users\Admin\AppData\Local\Temp\xcAs7fo.4 \
  --defsym=__MPLAB_BUILD=1 \
  -Mdist/default/production/4pinusing_ininterrupts.X.production.map -E1 \
  -ver=XC8 Compiler --acfsm=1493 -ASTACK=0110h-016Fh -pstack=STACK \
  -ACODE=00h-07FFhx4 -ASTRCODE=00h-01FFFh -ASTRING=00h-0FFhx32 \
  -ACONST=00h-0FFhx32 -AENTRY=00h-0FFhx32 -ACOMMON=070h-07Fh \
  -ABANK0=020h-06Fh -ABANK1=0A0h-0EFh -ABANK2=0110h-016Fh \
  -ABANK3=0190h-01EFh -ARAM=020h-06Fh,0A0h-0EFh,0110h-016Fh,0190h-01EFh \
  -AABS1=020h-07Fh,0A0h-0EFh,0110h-016Fh,0190h-01EFh -ASFR0=00h-01Fh \
  -ASFR1=080h-09Fh -ASFR2=0100h-010Fh -ASFR3=0180h-018Fh \
  -ACONFIG=02007h-02008h -DCONFIG=2 -AIDLOC=02000h-02003h -DIDLOC=2 \
  -AEEDATA=00h-0FFh/02100h -peeprom_data=EEDATA -DEEDATA=2 -DCODE=2 \
  -DSTRCODE=2 -DSTRING=2 -DCONST=2 -DENTRY=2 \
  -preset_vec=00h,intentry=04h,init,end_init -ppowerup=CODE -pcinit=CODE \
  -pfunctab=ENTRY -k C:\Users\Admin\AppData\Local\Temp\xcAs7fo.o \
  dist/default/production\4pinusing_ininterrupts.X.production.o 

Object code version is 3.11

Machine type is 16F887



                Name                               Link     Load   Length Selector   Space Scale
C:\Users\Admin\AppData\Local\Temp\xcAs7fo.o
                end_init                             10       10        3        8       0
                reset_vec                             0        0        3        0       0
dist/default/production\4pinusing_ininterrupts.X.production.o
                cinit                                13       13        A        8       0
                intentry                              4        4        C        8       0
                text12                              19B      19B       69        8       0
                text11                              204      204       59        8       0
                text10                              2ED      2ED       19        8       0
                text9                               288      288       29        8       0
                text8                                F5       F5       A6        8       0
                text7                               2B1      2B1       21        8       0
                text6                               318      318        6        8       0
                text5                               312      312        6        8       0
                text4                               2D2      2D2       1B        8       0
                text3                               25D      25D       2B        8       0
                text2                               30C      30C        6        8       0
                text1                               306      306        6        8       0
                maintext                             1D       1D       D8        8       0
                cstackBANK0                          20       20       17       20       1
                cstackCOMMON                         70       70        C       70       1
                bssBANK0                             37       37        2       20       1
                bssCOMMON                            7C       7C        2       70       1

TOTAL           Name                               Link     Load   Length     Space
        CLASS   STACK          

        CLASS   CODE           
                end_init                             10       10        3         0
                cinit                                13       13        A         0
                intentry                              4        4        C         0
                reset_vec                             0        0        3         0
                text12                              19B      19B       69         0
                text11                              204      204       59         0
                text10                              2ED      2ED       19         0
                text9                               288      288       29         0
                text8                                F5       F5       A6         0
                text7                               2B1      2B1       21         0
                text6                               318      318        6         0
                text5                               312      312        6         0
                text4                               2D2      2D2       1B         0
                text3                               25D      25D       2B         0
                text2                               30C      30C        6         0
                text1                               306      306        6         0
                maintext                             1D       1D       D8         0

        CLASS   STRCODE        

        CLASS   STRING         

        CLASS   CONST          

        CLASS   ENTRY          

        CLASS   COMMON         
                cstackCOMMON                         70       70        C         1
                bssCOMMON                            7C       7C        2         1

        CLASS   BANK0          
                cstackBANK0                          20       20       17         1
                bssBANK0                             37       37        2         1

        CLASS   BANK1          

        CLASS   BANK2          

        CLASS   BANK3          

        CLASS   RAM            

        CLASS   ABS1           
                abs_s1                               7E       7E        2         1

        CLASS   SFR0           

        CLASS   SFR1           

        CLASS   SFR2           

        CLASS   SFR3           

        CLASS   CONFIG         

        CLASS   IDLOC          

        CLASS   EEDATA         



SEGMENTS        Name                           Load    Length   Top    Selector   Space  Class     Delta

                reset_vec                      000000  000003  000003         0       0  CODE        2
                intentry                       000004  00031A  00031E         8       0  CODE        2
                cstackBANK0                    000020  000019  000039        20       1  BANK0       1
                cstackCOMMON                   000070  00000E  00007E        70       1  COMMON      1


UNUSED ADDRESS RANGES

        Name                Unused          Largest block    Delta
        BANK0            039-06F            37           1
        BANK1            0A0-0EF            50           1
        BANK2            110-16F            60           1
        BANK3            190-1EF            60           1
        CODE             003-003             1           2
                         31E-1FFF           800
        CONFIG           2007-2008             2           2
        CONST            003-003             1           2
                         31E-1FFF           100
        EEDATA           2100-21FF           100           2
        ENTRY            003-003             1           2
                         31E-1FFF           100
        IDLOC            2000-2003             4           2
        RAM              039-06F            37           1
                         0A0-0EF            50
                         110-16F            60
                         190-1EF            60
        SFR0             000-01F            20           1
        SFR1             080-09F            20           1
        SFR2             100-10F            10           1
        SFR3             180-18F            10           1
        STACK            110-16F            60           1
        STRCODE          003-003             1           2
                         31E-1FFF          1CE2
        STRING           003-003             1           2
                         31E-1FFF           100

                                  Symbol Table

?___awdiv                cstackCOMMON 077
?___awmod                cstackCOMMON 070
_ANSEL                   (abs)        188
_ANSELH                  (abs)        189
_GIE                     (abs)        05F
_OPTION_REG              (abs)        081
_PEIE                    (abs)        05E
_PORTA                   (abs)        005
_PORTB                   (abs)        006
_PORTC                   (abs)        007
_PORTD                   (abs)        008
_RB1                     (abs)        031
_RB2                     (abs)        032
_RB3                     (abs)        033
_RD0                     (abs)        040
_RD1                     (abs)        041
_RD2                     (abs)        042
_T0IE                    (abs)        05D
_T0IF                    (abs)        05A
_TMR0                    (abs)        001
_TRISA                   (abs)        085
_TRISB                   (abs)        086
_TRISC                   (abs)        087
_TRISD                   (abs)        088
__Habs1                  abs1         000
__Hbank0                 bank0        000
__Hbank1                 bank1        000
__Hbank2                 bank2        000
__Hbank3                 bank3        000
__HbssBANK0              bssBANK0     000
__HbssCOMMON             bssCOMMON    000
__Hcinit                 cinit        01D
__Hclrtext               clrtext      000
__Hcode                  code         000
__Hcommon                common       000
__HcstackBANK0           cstackBANK0  000
__HcstackCOMMON          cstackCOMMON 000
__Heeprom_data           eeprom_data  000
__Hend_init              end_init     013
__Hfunctab               functab      000
__Hinit                  init         010
__Hintentry              intentry     010
__Hmaintext              maintext     000
__Hpowerup               powerup      000
__Hram                   ram          000
__Hreset_vec             reset_vec    003
__Hsfr0                  sfr0         000
__Hsfr1                  sfr1         000
__Hsfr2                  sfr2         000
__Hsfr3                  sfr3         000
__Hspace_0               (abs)        31E
__Hspace_1               (abs)        07E
__Hspace_2               (abs)        000
__Hspace_3               (abs)        000
__Hstack                 stack        000
__Hstrings               strings      000
__Htext                  text         000
__Labs1                  abs1         000
__Lbank0                 bank0        000
__Lbank1                 bank1        000
__Lbank2                 bank2        000
__Lbank3                 bank3        000
__LbssBANK0              bssBANK0     000
__LbssCOMMON             bssCOMMON    000
__Lcinit                 cinit        013
__Lclrtext               clrtext      000
__Lcode                  code         000
__Lcommon                common       000
__LcstackBANK0           cstackBANK0  000
__LcstackCOMMON          cstackCOMMON 000
__Leeprom_data           eeprom_data  000
__Lend_init              end_init     010
__Lfunctab               functab      000
__Linit                  init         010
__Lintentry              intentry     004
__Lmaintext              maintext     000
__Lpowerup               powerup      000
__Lram                   ram          000
__Lreset_vec             reset_vec    000
__Lsfr0                  sfr0         000
__Lsfr1                  sfr1         000
__Lsfr2                  sfr2         000
__Lsfr3                  sfr3         000
__Lspace_0               (abs)        000
__Lspace_1               (abs)        000
__Lspace_2               (abs)        000
__Lspace_3               (abs)        000
__Lstack                 stack        000
__Lstrings               strings      000
__Ltext                  text         000
__S0                     (abs)        31E
__S1                     (abs)        07E
__S2                     (abs)        000
__S3                     (abs)        000
___awdiv                 text12       19B
___awdiv@counter         cstackBANK0  020
___awdiv@dividend        cstackCOMMON 079
___awdiv@divisor         cstackCOMMON 077
___awdiv@quotient        cstackBANK0  022
___awdiv@sign            cstackBANK0  021
___awmod                 text11       204
___awmod@counter         cstackCOMMON 075
___awmod@dividend        cstackCOMMON 072
___awmod@divisor         cstackCOMMON 070
___awmod@sign            cstackCOMMON 076
___int_sp                stack        000
___latbits               (abs)        002
___sp                    stack        000
___stackhi               (abs)        000
___stacklo               (abs)        000
__end_of___awdiv         text12       204
__end_of___awmod         text11       25D
__end_of__initialization cinit        019
__end_of_display         text8        19B
__end_of_firstlight      text6        31E
__end_of_fourthlight     text5        318
__end_of_itr             text7        2D2
__end_of_lcd             text3        288
__end_of_main            maintext     0F5
__end_of_pulse           text4        2ED
__end_of_secondlight     text2        312
__end_of_thirdlight      text1        30C
__end_ofi1_lcd           text9        2B1
__end_ofi1_pulse         text10       306
__initialization         cinit        013
__pbssBANK0              bssBANK0     037
__pbssCOMMON             bssCOMMON    07C
__pcstackBANK0           cstackBANK0  020
__pcstackCOMMON          cstackCOMMON 070
__pintentry              intentry     004
__pmaintext              maintext     01D
__ptext1                 text1        306
__ptext10                text10       2ED
__ptext11                text11       204
__ptext12                text12       19B
__ptext2                 text2        30C
__ptext3                 text3        25D
__ptext4                 text4        2D2
__ptext5                 text5        312
__ptext6                 text6        318
__ptext7                 text7        2B1
__ptext8                 text8        0F5
__ptext9                 text9        288
__size_of___awdiv        (abs)        000
__size_of___awmod        (abs)        000
__size_of_display        (abs)        000
__size_of_firstlight     (abs)        000
__size_of_fourthlight    (abs)        000
__size_of_itr            (abs)        000
__size_of_lcd            (abs)        000
__size_of_main           (abs)        000
__size_of_pulse          (abs)        000
__size_of_secondlight    (abs)        000
__size_of_thirdlight     (abs)        000
__size_ofi1_lcd          (abs)        000
__size_ofi1_pulse        (abs)        000
_count                   bssBANK0     037
_display                 text8        0F5
_firstlight              text6        318
_fourthlight             text5        312
_itr                     text7        2B1
_lcd                     text3        25D
_main                    maintext     01D
_pulse                   text4        2D2
_secondlight             text2        30C
_thirdlight              text1        306
btemp                    (abs)        07E
display@a                cstackBANK0  026
display@b                cstackBANK0  028
display@c                cstackBANK0  02A
display@k                cstackBANK0  024
end_of_initialization    cinit        019
i1_lcd                   text9        288
i1_pulse                 text10       2ED
i1lcd@a                  cstackCOMMON 072
i1lcd@b                  cstackCOMMON 074
interrupt_function       intentry     004
intlevel0                functab      000
intlevel1                functab      000
intlevel2                functab      000
intlevel3                functab      000
intlevel4                functab      000
intlevel5                functab      000
lcd@a                    cstackBANK0  031
lcd@b                    cstackBANK0  033
reset_vec                reset_vec    000
saved_w                  (abs)        07E
start                    init         010
start_initialization     cinit        013
wtemp0                   (abs)        07E


MODULE INFORMATION

Module		Function		Class		Link	Load	Size
C:\Program Files\Microchip\xc8\v2.32\pic\sources\c90\common\awmod.c
		___awmod       		CODE           	0204	0000	89

C:\Program Files\Microchip\xc8\v2.32\pic\sources\c90\common\awmod.c estimated size: 89

shared
		i1_lcd         		CODE           	0288	0000	41
		i1_pulse       		CODE           	02ED	0000	25
		__initialization		CODE           	0013	0000	6

shared estimated size: 72

C:\Program Files\Microchip\xc8\v2.32\pic\sources\c90\common\awdiv.c
		___awdiv       		CODE           	019B	0000	105

C:\Program Files\Microchip\xc8\v2.32\pic\sources\c90\common\awdiv.c estimated size: 105

4pin.c
		_display       		CODE           	00F5	0000	166
		_main          		CODE           	001D	0000	216
		_fourthlight   		CODE           	0312	0000	6
		_thirdlight    		CODE           	0306	0000	6
		_firstlight    		CODE           	0318	0000	6
		_itr           		CODE           	02B1	0000	33
		_lcd           		CODE           	025D	0000	43
		_pulse         		CODE           	02D2	0000	27
		_secondlight   		CODE           	030C	0000	6

4pin.c estimated size: 509

