Microchip MPLAB XC8 Compiler V2.32

Linker command line:

-W-3 --edf=C:\Program Files\Microchip\xc8\v2.32\pic\dat\en_msgs.txt -cn \
  -h+dist/default/production\arrayletter.X.production.sym \
  --cmf=dist/default/production\arrayletter.X.production.cmf -z -Q16F887 \
  -oC:\Users\Admin\AppData\Local\Temp\xcAsatc.4 --defsym=__MPLAB_BUILD=1 \
  -Mdist/default/production/arrayletter.X.production.map -E1 \
  -ver=XC8 Compiler --acfsm=1493 -ASTACK=0110h-016Fh -pstack=STACK \
  -ACODE=00h-07FFhx4 -ASTRCODE=00h-01FFFh -ASTRING=00h-0FFhx32 \
  -ACONST=00h-0FFhx32 -AENTRY=00h-0FFhx32 -ACOMMON=070h-07Fh \
  -ABANK0=020h-06Fh -ABANK1=0A0h-0EFh -ABANK2=0110h-016Fh \
  -ABANK3=0190h-01EFh -ARAM=020h-06Fh,0A0h-0EFh,0110h-016Fh,0190h-01EFh \
  -AABS1=020h-07Fh,0A0h-0EFh,0110h-016Fh,0190h-01EFh -ASFR0=00h-01Fh \
  -ASFR1=080h-09Fh -ASFR2=0100h-010Fh -ASFR3=0180h-018Fh \
  -ACONFIG=02007h-02008h -DCONFIG=2 -AIDLOC=02000h-02003h -DIDLOC=2 \
  -AEEDATA=00h-0FFh/02100h -peeprom_data=EEDATA -DEEDATA=2 -DCODE=2 \
  -DSTRCODE=2 -DSTRING=2 -DCONST=2 -DENTRY=2 \
  -preset_vec=00h,intentry,init,end_init -ppowerup=CODE -pcinit=CODE \
  -pfunctab=ENTRY -k C:\Users\Admin\AppData\Local\Temp\xcAsatc.o \
  dist/default/production\arrayletter.X.production.o 

Object code version is 3.11

Machine type is 16F887



                Name                               Link     Load   Length Selector   Space Scale
C:\Users\Admin\AppData\Local\Temp\xcAsatc.o
                end_init                              0        0        3        0       0
dist/default/production\arrayletter.X.production.o
                cinit                               7FC      7FC        4      FF8       0
                text5                               779      779       17      EF2       0
                text4                               790      790       17      F20       0
                text3                               7D0      7D0       2C      FA0       0
                text2                               761      761        C      EC2       0
                text1                               76D      76D        C      EDA       0
                maintext                            7A7      7A7       29      F4E       0
                cstackCOMMON                         70       70        5       70       1
                strings                               3        3       13        6       0

TOTAL           Name                               Link     Load   Length     Space
        CLASS   STACK          

        CLASS   CODE           
                end_init                              0        0        3         0
                cinit                               7FC      7FC        4         0
                text5                               779      779       17         0
                text4                               790      790       17         0
                text3                               7D0      7D0       2C         0
                text2                               761      761        C         0
                text1                               76D      76D        C         0
                maintext                            7A7      7A7       29         0

        CLASS   STRCODE        

        CLASS   STRING         
                strings                               3        3       13         0

        CLASS   CONST          

        CLASS   ENTRY          

        CLASS   COMMON         
                cstackCOMMON                         70       70        5         1

        CLASS   BANK0          

        CLASS   BANK1          

        CLASS   BANK2          

        CLASS   BANK3          

        CLASS   RAM            

        CLASS   ABS1           
                abs_s1                               7E       7E        2         1

        CLASS   SFR0           

        CLASS   SFR1           

        CLASS   SFR2           

        CLASS   SFR3           

        CLASS   CONFIG         

        CLASS   IDLOC          

        CLASS   EEDATA         



SEGMENTS        Name                           Load    Length   Top    Selector   Space  Class     Delta

                reset_vec                      000000  000003  000003         0       0  CODE        2
                strings                        000003  000013  000016         6       0  STRING      2
                cstackCOMMON                   000070  000005  000075        70       1  COMMON      1
                text2                          000761  00000C  00076D       EC2       0  CODE        2
                text1                          00076D  00000C  000779       EDA       0  CODE        2
                text5                          000779  000017  000790       EF2       0  CODE        2
                text4                          000790  000017  0007A7       F20       0  CODE        2
                maintext                       0007A7  000029  0007D0       F4E       0  CODE        2
                text3                          0007D0  00002C  0007FC       FA0       0  CODE        2
                cinit                          0007FC  000004  000800       FF8       0  CODE        2


UNUSED ADDRESS RANGES

        Name                Unused          Largest block    Delta
        BANK0            0020-006F             50           1
        BANK1            00A0-00EF             50           1
        BANK2            0110-016F             60           1
        BANK3            0190-01EF             60           1
        CODE             0016-0760            74B           2
                         0800-1FFF            800
        COMMON           0075-007D              9           1
        CONFIG           2007-2008              2           2
        CONST            0016-0760            100           2
                         0800-1FFF            100
        EEDATA           2100-21FF            100           2
        ENTRY            0016-0760            100           2
                         0800-1FFF            100
        IDLOC            2000-2003              4           2
        RAM              0020-006F             50           1
                         00A0-00EF             50
                         0110-016F             60
                         0190-01EF             60
        SFR0             0000-001F             20           1
        SFR1             0080-009F             20           1
        SFR2             0100-010F             10           1
        SFR3             0180-018F             10           1
        STACK            0110-016F             60           1
        STRCODE          0016-0760            74B           2
                         0800-1FFF           1800
        STRING           0016-0760            100           2
                         0800-1FFF            100

                                  Symbol Table

_ANSEL                   (abs)        0188
_ANSELH                  (abs)        0189
_PORTA                   (abs)        0005
_PORTD                   (abs)        0008
_RD5                     (abs)        0045
_RD6                     (abs)        0046
_RD7                     (abs)        0047
_TRISA                   (abs)        0085
_TRISD                   (abs)        0088
__Habs1                  abs1         0000
__Hbank0                 bank0        0000
__Hbank1                 bank1        0000
__Hbank2                 bank2        0000
__Hbank3                 bank3        0000
__Hcinit                 cinit        0800
__Hclrtext               clrtext      0000
__Hcode                  code         0000
__Hcommon                common       0000
__HcstackCOMMON          cstackCOMMON 0000
__Heeprom_data           eeprom_data  0000
__Hend_init              end_init     0003
__Hfunctab               functab      0000
__Hinit                  init         0000
__Hintentry              intentry     0000
__Hmaintext              maintext     0000
__Hpowerup               powerup      0000
__Hram                   ram          0000
__Hreset_vec             reset_vec    0000
__Hsfr0                  sfr0         0000
__Hsfr1                  sfr1         0000
__Hsfr2                  sfr2         0000
__Hsfr3                  sfr3         0000
__Hspace_0               (abs)        0800
__Hspace_1               (abs)        0075
__Hspace_2               (abs)        0000
__Hspace_3               (abs)        0000
__Hstack                 stack        0000
__Hstrings               strings      0000
__Htext                  text         0000
__Labs1                  abs1         0000
__Lbank0                 bank0        0000
__Lbank1                 bank1        0000
__Lbank2                 bank2        0000
__Lbank3                 bank3        0000
__Lcinit                 cinit        07FC
__Lclrtext               clrtext      0000
__Lcode                  code         0000
__Lcommon                common       0000
__LcstackCOMMON          cstackCOMMON 0000
__Leeprom_data           eeprom_data  0000
__Lend_init              end_init     0000
__Lfunctab               functab      0000
__Linit                  init         0000
__Lintentry              intentry     0000
__Lmaintext              maintext     0000
__Lpowerup               powerup      0000
__Lram                   ram          0000
__Lreset_vec             reset_vec    0000
__Lsfr0                  sfr0         0000
__Lsfr1                  sfr1         0000
__Lsfr2                  sfr2         0000
__Lsfr3                  sfr3         0000
__Lspace_0               (abs)        0000
__Lspace_1               (abs)        0000
__Lspace_2               (abs)        0000
__Lspace_3               (abs)        0000
__Lstack                 stack        0000
__Lstrings               strings      0000
__Ltext                  text         0000
__S0                     (abs)        0800
__S1                     (abs)        0075
__S2                     (abs)        0000
__S3                     (abs)        0000
___int_sp                stack        0000
___latbits               (abs)        0002
___sp                    stack        0000
___stackhi               (abs)        0000
___stacklo               (abs)        0000
__end_of__initialization cinit        07FC
__end_of__stringtab      strings      0009
__end_of_address         text4        07A7
__end_of_display         text3        07FC
__end_of_main            maintext     07D0
__end_of_on              text2        076D
__end_of_pulse           text5        0790
__end_of_type            text1        0779
__initialization         cinit        07FC
__pcstackCOMMON          cstackCOMMON 0070
__pmaintext              maintext     07A7
__pstrings               strings      0003
__ptext1                 text1        076D
__ptext2                 text2        0761
__ptext3                 text3        07D0
__ptext4                 text4        0790
__ptext5                 text5        0779
__size_of_address        (abs)        0000
__size_of_display        (abs)        0000
__size_of_main           (abs)        0000
__size_of_on             (abs)        0000
__size_of_pulse          (abs)        0000
__size_of_type           (abs)        0000
__stringbase             strings      0008
__stringtab              strings      0003
_address                 text4        0790
_display                 text3        07D0
_main                    maintext     07A7
_on                      text2        0761
_pulse                   text5        0779
_type                    text1        076D
btemp                    (abs)        007E
display@i                cstackCOMMON 0072
display@name             cstackCOMMON 0074
end_of_initialization    cinit        07FC
intlevel0                functab      0000
intlevel1                functab      0000
intlevel2                functab      0000
intlevel3                functab      0000
intlevel4                functab      0000
intlevel5                functab      0000
reset_vec                reset_vec    0000
start                    init         0000
start_initialization     cinit        07FC
wtemp0                   (abs)        007E


MODULE INFORMATION

Module		Function		Class		Link	Load	Size
arrayletter.c
		_display       		CODE           	07D0	0000	44
		_main          		CODE           	07A7	0000	41
		_address       		CODE           	0790	0000	23
		_type          		CODE           	076D	0000	12
		_on            		CODE           	0761	0000	12
		_pulse         		CODE           	0779	0000	23

arrayletter.c estimated size: 155

shared
		__stringtab    		STRING         	0003	0000	6
		__initialization		CODE           	07FC	0000	1

shared estimated size: 7

