Microchip MPLAB XC8 Compiler V2.32

Linker command line:

-W-3 --edf=C:\Program Files\Microchip\xc8\v2.32\pic\dat\en_msgs.txt -cn \
  -h+dist/default/production\TWO_POTS.X.production.sym \
  --cmf=dist/default/production\TWO_POTS.X.production.cmf -z -Q16F887 \
  -oC:\Users\Admin\AppData\Local\Temp\xcAscso.4 --defsym=__MPLAB_BUILD=1 \
  -Mdist/default/production/TWO_POTS.X.production.map -E1 -ver=XC8 Compiler \
  --acfsm=1493 -ASTACK=0110h-016Fh -pstack=STACK -ACODE=00h-07FFhx4 \
  -ASTRCODE=00h-01FFFh -ASTRING=00h-0FFhx32 -ACONST=00h-0FFhx32 \
  -AENTRY=00h-0FFhx32 -ACOMMON=070h-07Fh -ABANK0=020h-06Fh \
  -ABANK1=0A0h-0EFh -ABANK2=0110h-016Fh -ABANK3=0190h-01EFh \
  -ARAM=020h-06Fh,0A0h-0EFh,0110h-016Fh,0190h-01EFh \
  -AABS1=020h-07Fh,0A0h-0EFh,0110h-016Fh,0190h-01EFh -ASFR0=00h-01Fh \
  -ASFR1=080h-09Fh -ASFR2=0100h-010Fh -ASFR3=0180h-018Fh \
  -ACONFIG=02007h-02008h -DCONFIG=2 -AIDLOC=02000h-02003h -DIDLOC=2 \
  -AEEDATA=00h-0FFh/02100h -peeprom_data=EEDATA -DEEDATA=2 -DCODE=2 \
  -DSTRCODE=2 -DSTRING=2 -DCONST=2 -DENTRY=2 \
  -preset_vec=00h,intentry,init,end_init -ppowerup=CODE -pcinit=CODE \
  -pfunctab=ENTRY -k C:\Users\Admin\AppData\Local\Temp\xcAscso.o \
  dist/default/production\TWO_POTS.X.production.o 

Object code version is 3.11

Machine type is 16F887



                Name                               Link     Load   Length Selector   Space Scale
C:\Users\Admin\AppData\Local\Temp\xcAscso.o
                end_init                              0        0        3        0       0
dist/default/production\TWO_POTS.X.production.o
                cinit                               7F2      7F2        E      FE4       0
                text14                              D22      D22       69     1A44       0
                text13                              CC9      CC9       59     1992       0
                text12                              C42      C42       19     1884       0
                text11                              C2F      C2F       13     185E       0
                text10                              E93      E93       B3     1D26       0
                text9                               E07      E07       8C     1C0E       0
                text8                                14       14       8C       28       0
                text7                               2B4      2B4      1DD      568       0
                text6                               C5B      C5B       27     18B6       0
                text5                               491      491      361      922       0
                text4                               D8B      D8B       7C     1B16       0
                text3                               F46      F46       BA     1E8C       0
                text2                                A0       A0      10A      140       0
                text1                               1AA      1AA      10A      354       0
                maintext                            C82      C82       47     1904       0
                cstackBANK0                          20       20       40       20       1
                cstackCOMMON                         70       70        E       70       1
                bssBANK0                             60       60        8       20       1

TOTAL           Name                               Link     Load   Length     Space
        CLASS   STACK          

        CLASS   CODE           
                end_init                              0        0        3         0
                cinit                               7F2      7F2        E         0
                text14                              D22      D22       69         0
                text13                              CC9      CC9       59         0
                text12                              C42      C42       19         0
                text11                              C2F      C2F       13         0
                text10                              E93      E93       B3         0
                text9                               E07      E07       8C         0
                text8                                14       14       8C         0
                text7                               2B4      2B4      1DD         0
                text6                               C5B      C5B       27         0
                text5                               491      491      361         0
                text4                               D8B      D8B       7C         0
                text3                               F46      F46       BA         0
                text2                                A0       A0      10A         0
                text1                               1AA      1AA      10A         0
                maintext                            C82      C82       47         0

        CLASS   STRCODE        

        CLASS   STRING         

        CLASS   CONST          

        CLASS   ENTRY          

        CLASS   COMMON         
                cstackCOMMON                         70       70        E         1

        CLASS   BANK0          
                cstackBANK0                          20       20       40         1
                bssBANK0                             60       60        8         1

        CLASS   BANK1          

        CLASS   BANK2          

        CLASS   BANK3          

        CLASS   RAM            

        CLASS   ABS1           
                abs_s1                               7E       7E        2         1

        CLASS   SFR0           

        CLASS   SFR1           

        CLASS   SFR2           

        CLASS   SFR3           

        CLASS   CONFIG         

        CLASS   IDLOC          

        CLASS   EEDATA         



SEGMENTS        Name                           Load    Length   Top    Selector   Space  Class     Delta

                reset_vec                      000000  000003  000003         0       0  CODE        2
                cstackBANK0                    000020  000048  000068        20       1  BANK0       1
                text8                          000014  00008C  0000A0        28       0  CODE        2
                cstackCOMMON                   000070  00000E  00007E        70       1  COMMON      1
                text2                          0000A0  00010A  0001AA       140       0  CODE        2
                text1                          0001AA  00010A  0002B4       354       0  CODE        2
                text7                          0002B4  0001DD  000491       568       0  CODE        2
                text5                          000491  000361  0007F2       922       0  CODE        2
                cinit                          0007F2  00000E  000800       FE4       0  CODE        2
                text11                         000C2F  000013  000C42      185E       0  CODE        2
                text12                         000C42  000019  000C5B      1884       0  CODE        2
                text6                          000C5B  000027  000C82      18B6       0  CODE        2
                maintext                       000C82  000047  000CC9      1904       0  CODE        2
                text13                         000CC9  000059  000D22      1992       0  CODE        2
                text14                         000D22  000069  000D8B      1A44       0  CODE        2
                text4                          000D8B  00007C  000E07      1B16       0  CODE        2
                text9                          000E07  00008C  000E93      1C0E       0  CODE        2
                text10                         000E93  0000B3  000F46      1D26       0  CODE        2
                text3                          000F46  0000BA  001000      1E8C       0  CODE        2


UNUSED ADDRESS RANGES

        Name                Unused          Largest block    Delta
        BANK0            0068-006F              8           1
        BANK1            00A0-00EF             50           1
        BANK2            0110-016F             60           1
        BANK3            0190-01EF             60           1
        CODE             0003-0013             11           2
                         0800-0C2E            42F
                         1000-1FFF            800
        CONFIG           2007-2008              2           2
        CONST            0003-0013             11           2
                         0800-0C2E            100
                         1000-1FFF            100
        EEDATA           2100-21FF            100           2
        ENTRY            0003-0013             11           2
                         0800-0C2E            100
                         1000-1FFF            100
        IDLOC            2000-2003              4           2
        RAM              0068-006F              8           1
                         00A0-00EF             50
                         0110-016F             60
                         0190-01EF             60
        SFR0             0000-001F             20           1
        SFR1             0080-009F             20           1
        SFR2             0100-010F             10           1
        SFR3             0180-018F             10           1
        STACK            0110-016F             60           1
        STRCODE          0003-0013             11           2
                         0800-0C2E            42F
                         1000-1FFF           1000
        STRING           0003-0013             11           2
                         0800-0C2E            100
                         1000-1FFF            100

                                  Symbol Table

?__Umul8_16              cstackCOMMON 0070
?___awdiv                cstackCOMMON 0077
?___awmod                cstackCOMMON 0070
?___fldiv                cstackBANK0  003A
?___flmul                cstackBANK0  0020
?___fltol                cstackBANK0  003A
?___xxtofl               cstackCOMMON 0070
_ADCON0                  (abs)        001F
_ADCON1                  (abs)        009F
_ADRESH                  (abs)        001E
_ADRESL                  (abs)        009E
_ANSEL                   (abs)        0188
_DV                      bssBANK0     0062
_DV1                     bssBANK0     0060
_GO                      (abs)        00F9
_PORTA                   (abs)        0005
_PORTC                   (abs)        0007
_PORTD                   (abs)        0008
_RC5                     (abs)        003D
_RC6                     (abs)        003E
_RC7                     (abs)        003F
_TRISA                   (abs)        0085
_TRISC                   (abs)        0087
_TRISD                   (abs)        0088
__Habs1                  abs1         0000
__Hbank0                 bank0        0000
__Hbank1                 bank1        0000
__Hbank2                 bank2        0000
__Hbank3                 bank3        0000
__HbssBANK0              bssBANK0     0000
__Hcinit                 cinit        0800
__Hclrtext               clrtext      0000
__Hcode                  code         0000
__Hcommon                common       0000
__HcstackBANK0           cstackBANK0  0000
__HcstackCOMMON          cstackCOMMON 0000
__Heeprom_data           eeprom_data  0000
__Hend_init              end_init     0003
__Hfunctab               functab      0000
__Hinit                  init         0000
__Hintentry              intentry     0000
__Hmaintext              maintext     0000
__Hpowerup               powerup      0000
__Hram                   ram          0000
__Hreset_vec             reset_vec    0000
__Hsfr0                  sfr0         0000
__Hsfr1                  sfr1         0000
__Hsfr2                  sfr2         0000
__Hsfr3                  sfr3         0000
__Hspace_0               (abs)        1000
__Hspace_1               (abs)        007E
__Hspace_2               (abs)        0000
__Hspace_3               (abs)        0000
__Hstack                 stack        0000
__Hstrings               strings      0000
__Htext                  text         0000
__Labs1                  abs1         0000
__Lbank0                 bank0        0000
__Lbank1                 bank1        0000
__Lbank2                 bank2        0000
__Lbank3                 bank3        0000
__LbssBANK0              bssBANK0     0000
__Lcinit                 cinit        07F2
__Lclrtext               clrtext      0000
__Lcode                  code         0000
__Lcommon                common       0000
__LcstackBANK0           cstackBANK0  0000
__LcstackCOMMON          cstackCOMMON 0000
__Leeprom_data           eeprom_data  0000
__Lend_init              end_init     0000
__Lfunctab               functab      0000
__Linit                  init         0000
__Lintentry              intentry     0000
__Lmaintext              maintext     0000
__Lpowerup               powerup      0000
__Lram                   ram          0000
__Lreset_vec             reset_vec    0000
__Lsfr0                  sfr0         0000
__Lsfr1                  sfr1         0000
__Lsfr2                  sfr2         0000
__Lsfr3                  sfr3         0000
__Lspace_0               (abs)        0000
__Lspace_1               (abs)        0000
__Lspace_2               (abs)        0000
__Lspace_3               (abs)        0000
__Lstack                 stack        0000
__Lstrings               strings      0000
__Ltext                  text         0000
__S0                     (abs)        1000
__S1                     (abs)        007E
__S2                     (abs)        0000
__S3                     (abs)        0000
__Umul8_16               text6        0C5B
__Umul8_16@multiplicand  cstackCOMMON 0070
__Umul8_16@multiplier    cstackCOMMON 0078
__Umul8_16@product       cstackCOMMON 0074
__Umul8_16@word_mpld     cstackCOMMON 0076
___awdiv                 text14       0D22
___awdiv@counter         cstackBANK0  0020
___awdiv@dividend        cstackCOMMON 0079
___awdiv@divisor         cstackCOMMON 0077
___awdiv@quotient        cstackBANK0  0022
___awdiv@sign            cstackBANK0  0021
___awmod                 text13       0CC9
___awmod@counter         cstackCOMMON 0075
___awmod@dividend        cstackCOMMON 0072
___awmod@divisor         cstackCOMMON 0070
___awmod@sign            cstackCOMMON 0076
___fldiv                 text7        02B4
___fldiv@a               cstackBANK0  003A
___fldiv@aexp            cstackBANK0  0053
___fldiv@b               cstackBANK0  003E
___fldiv@bexp            cstackBANK0  0052
___fldiv@grs             cstackBANK0  004E
___fldiv@new_exp         cstackBANK0  004C
___fldiv@rem             cstackBANK0  0047
___fldiv@sign            cstackBANK0  004B
___flmul                 text5        0491
___flmul@a               cstackBANK0  0024
___flmul@aexp            cstackBANK0  0032
___flmul@b               cstackBANK0  0020
___flmul@bexp            cstackBANK0  0033
___flmul@grs             cstackBANK0  002E
___flmul@prod            cstackBANK0  0034
___flmul@sign            cstackBANK0  002D
___flmul@temp            cstackBANK0  0038
___fltol                 text4        0D8B
___fltol@exp1            cstackBANK0  0044
___fltol@f1              cstackBANK0  003A
___fltol@sign1           cstackBANK0  0043
___int_sp                stack        0000
___latbits               (abs)        0002
___sp                    stack        0000
___stackhi               (abs)        0000
___stacklo               (abs)        0000
___xxtofl                text3        0F46
___xxtofl@arg            cstackCOMMON 007A
___xxtofl@exp            cstackCOMMON 0079
___xxtofl@sign           cstackCOMMON 0078
___xxtofl@val            cstackCOMMON 0070
__end_of__Umul8_16       text6        0C82
__end_of___awdiv         text14       0D8B
__end_of___awmod         text13       0D22
__end_of___fldiv         text7        0491
__end_of___flmul         text5        07F2
__end_of___fltol         text4        0E07
__end_of___xxtofl        text3        1000
__end_of__initialization cinit        07FC
__end_of_adc             text9        0E93
__end_of_adc_1           text8        00A0
__end_of_display         text10       0F46
__end_of_lcd             text11       0C42
__end_of_main            maintext     0CC9
__end_of_pulse           text12       0C5B
__end_of_voltage         text2        01AA
__end_of_voltage1        text1        02B4
__initialization         cinit        07F2
__pbssBANK0              bssBANK0     0060
__pcstackBANK0           cstackBANK0  0020
__pcstackCOMMON          cstackCOMMON 0070
__pmaintext              maintext     0C82
__ptext1                 text1        01AA
__ptext10                text10       0E93
__ptext11                text11       0C2F
__ptext12                text12       0C42
__ptext13                text13       0CC9
__ptext14                text14       0D22
__ptext2                 text2        00A0
__ptext3                 text3        0F46
__ptext4                 text4        0D8B
__ptext5                 text5        0491
__ptext6                 text6        0C5B
__ptext7                 text7        02B4
__ptext8                 text8        0014
__ptext9                 text9        0E07
__size_of__Umul8_16      (abs)        0000
__size_of___awdiv        (abs)        0000
__size_of___awmod        (abs)        0000
__size_of___fldiv        (abs)        0000
__size_of___flmul        (abs)        0000
__size_of___fltol        (abs)        0000
__size_of___xxtofl       (abs)        0000
__size_of_adc            (abs)        0000
__size_of_adc_1          (abs)        0000
__size_of_display        (abs)        0000
__size_of_lcd            (abs)        0000
__size_of_main           (abs)        0000
__size_of_pulse          (abs)        0000
__size_of_voltage        (abs)        0000
__size_of_voltage1       (abs)        0000
_adc                     text9        0E07
_adc_1                   text8        0014
_display                 text10       0E93
_high                    bssBANK0     0064
_lcd                     text11       0C2F
_low                     bssBANK0     0066
_main                    maintext     0C82
_pulse                   text12       0C42
_voltage                 text2        00A0
_voltage1                text1        01AA
btemp                    (abs)        007E
display@a                cstackBANK0  0026
display@b                cstackBANK0  0028
display@c                cstackBANK0  002A
display@d                cstackBANK0  002C
display@k                cstackBANK0  0024
end_of_initialization    cinit        07FC
intlevel0                functab      0000
intlevel1                functab      0000
intlevel2                functab      0000
intlevel3                functab      0000
intlevel4                functab      0000
intlevel5                functab      0000
lcd@a                    cstackCOMMON 0072
lcd@b                    cstackCOMMON 0074
reset_vec                reset_vec    0000
start                    init         0000
start_initialization     cinit        07F2
voltage1@a               cstackBANK0  0058
voltage1@b               cstackBANK0  005A
voltage1@c               cstackBANK0  005C
voltage1@d               cstackBANK0  005E
voltage1@x               cstackBANK0  0054
voltage@a                cstackBANK0  0058
voltage@b                cstackBANK0  005A
voltage@c                cstackBANK0  005C
voltage@d                cstackBANK0  005E
voltage@x                cstackBANK0  0054
wtemp0                   (abs)        007E


MODULE INFORMATION

Module		Function		Class		Link	Load	Size
C:\Program Files\Microchip\xc8\v2.32\pic\sources\c90\common\xxtofl.c
		___xxtofl      		CODE           	0F46	0000	186

C:\Program Files\Microchip\xc8\v2.32\pic\sources\c90\common\xxtofl.c estimated size: 186

C:\Program Files\Microchip\xc8\v2.32\pic\sources\c90\common\Umul8_16.c
		__Umul8_16     		CODE           	0C5B	0000	39

C:\Program Files\Microchip\xc8\v2.32\pic\sources\c90\common\Umul8_16.c estimated size: 39

C:\Program Files\Microchip\xc8\v2.32\pic\sources\c90\common\awmod.c
		___awmod       		CODE           	0CC9	0000	89

C:\Program Files\Microchip\xc8\v2.32\pic\sources\c90\common\awmod.c estimated size: 89

shared
		__initialization		CODE           	07F2	0000	10

shared estimated size: 10

C:\Program Files\Microchip\xc8\v2.32\pic\sources\c90\common\sprcmul.c
		___flmul       		CODE           	0491	0000	865

C:\Program Files\Microchip\xc8\v2.32\pic\sources\c90\common\sprcmul.c estimated size: 865

C:\Program Files\Microchip\xc8\v2.32\pic\sources\c90\common\sprcdiv.c
		___fldiv       		CODE           	02B4	0000	477

C:\Program Files\Microchip\xc8\v2.32\pic\sources\c90\common\sprcdiv.c estimated size: 477

TWO POTS.c
		_adc_1         		CODE           	0014	0000	140
		_display       		CODE           	0E93	0000	179
		_main          		CODE           	0C82	0000	71
		_adc           		CODE           	0E07	0000	140
		_lcd           		CODE           	0C2F	0000	19
		_pulse         		CODE           	0C42	0000	25
		_voltage       		CODE           	00A0	0000	266
		_voltage1      		CODE           	01AA	0000	266

TWO POTS.c estimated size: 1106

C:\Program Files\Microchip\xc8\v2.32\pic\sources\c90\common\awdiv.c
		___awdiv       		CODE           	0D22	0000	105

C:\Program Files\Microchip\xc8\v2.32\pic\sources\c90\common\awdiv.c estimated size: 105

C:\Program Files\Microchip\xc8\v2.32\pic\sources\c90\common\fltol.c
		___fltol       		CODE           	0D8B	0000	124

C:\Program Files\Microchip\xc8\v2.32\pic\sources\c90\common\fltol.c estimated size: 124

