Microchip MPLAB XC8 Compiler V2.32

Linker command line:

-W-3 --edf=C:\Program Files\Microchip\xc8\v2.32\pic\dat\en_msgs.txt -cn \
  -h+dist/default/production\SEGMENT_INTERRUPTS.X.production.sym \
  --cmf=dist/default/production\SEGMENT_INTERRUPTS.X.production.cmf -z \
  -Q16F887 -oC:\Users\Admin\AppData\Local\Temp\xcAs4lg.4 \
  --defsym=__MPLAB_BUILD=1 \
  -Mdist/default/production/SEGMENT_INTERRUPTS.X.production.map -E1 \
  -ver=XC8 Compiler --acfsm=1493 -ASTACK=0110h-016Fh -pstack=STACK \
  -ACODE=00h-07FFhx4 -ASTRCODE=00h-01FFFh -ASTRING=00h-0FFhx32 \
  -ACONST=00h-0FFhx32 -AENTRY=00h-0FFhx32 -ACOMMON=070h-07Fh \
  -ABANK0=020h-06Fh -ABANK1=0A0h-0EFh -ABANK2=0110h-016Fh \
  -ABANK3=0190h-01EFh -ARAM=020h-06Fh,0A0h-0EFh,0110h-016Fh,0190h-01EFh \
  -AABS1=020h-07Fh,0A0h-0EFh,0110h-016Fh,0190h-01EFh -ASFR0=00h-01Fh \
  -ASFR1=080h-09Fh -ASFR2=0100h-010Fh -ASFR3=0180h-018Fh \
  -ACONFIG=02007h-02008h -DCONFIG=2 -AIDLOC=02000h-02003h -DIDLOC=2 \
  -AEEDATA=00h-0FFh/02100h -peeprom_data=EEDATA -DEEDATA=2 -DCODE=2 \
  -DSTRCODE=2 -DSTRING=2 -DCONST=2 -DENTRY=2 \
  -preset_vec=00h,intentry=04h,init,end_init -ppowerup=CODE -pcinit=CODE \
  -pfunctab=ENTRY -k C:\Users\Admin\AppData\Local\Temp\xcAs4lg.o \
  dist/default/production\SEGMENT_INTERRUPTS.X.production.o 

Object code version is 3.11

Machine type is 16F887



                Name                               Link     Load   Length Selector   Space Scale
C:\Users\Admin\AppData\Local\Temp\xcAs4lg.o
                end_init                             12       12        3        8       0
                reset_vec                             0        0        3        0       0
dist/default/production\SEGMENT_INTERRUPTS.X.production.o
                cinit                                15       15       14        8       0
                intentry                              4        4        E        8       0
                text1                                75       75       41        8       0
                maintext                             29       29       4C        8       0
                cstackBANK0                          34       34        3       20       1
                cstackCOMMON                         70       70        7       70       1
                inittext                             CA       CA       13        8       0
                dataBANK0                            20       20       14       20       1
                bssCOMMON                            79       79        2       70       1
                nvCOMMON                             77       77        2       70       1
                idataBANK0                           B6       B6       14        8       0

TOTAL           Name                               Link     Load   Length     Space
        CLASS   STACK          

        CLASS   CODE           
                end_init                             12       12        3         0
                cinit                                15       15       14         0
                intentry                              4        4        E         0
                reset_vec                             0        0        3         0
                text1                                75       75       41         0
                maintext                             29       29       4C         0
                inittext                             CA       CA       13         0
                idataBANK0                           B6       B6       14         0

        CLASS   STRCODE        

        CLASS   STRING         

        CLASS   CONST          

        CLASS   ENTRY          

        CLASS   COMMON         
                cstackCOMMON                         70       70        7         1
                bssCOMMON                            79       79        2         1
                nvCOMMON                             77       77        2         1

        CLASS   BANK0          
                cstackBANK0                          34       34        3         1
                dataBANK0                            20       20       14         1

        CLASS   BANK1          

        CLASS   BANK2          

        CLASS   BANK3          

        CLASS   RAM            

        CLASS   ABS1           
                abs_s1                               7E       7E        2         1

        CLASS   SFR0           

        CLASS   SFR1           

        CLASS   SFR2           

        CLASS   SFR3           

        CLASS   CONFIG         

        CLASS   IDLOC          

        CLASS   EEDATA         



SEGMENTS        Name                           Load    Length   Top    Selector   Space  Class     Delta

                reset_vec                      000000  000003  000003         0       0  CODE        2
                intentry                       000004  0000D9  0000DD         8       0  CODE        2
                dataBANK0                      000020  000017  000037        20       1  BANK0       1
                cstackCOMMON                   000070  00000B  00007B        70       1  COMMON      1


UNUSED ADDRESS RANGES

        Name                Unused          Largest block    Delta
        BANK0            037-06F            39           1
        BANK1            0A0-0EF            50           1
        BANK2            110-16F            60           1
        BANK3            190-1EF            60           1
        CODE             003-003             1           2
                         0DD-1FFF           800
        COMMON           07B-07D             3           1
        CONFIG           2007-2008             2           2
        CONST            003-003             1           2
                         0DD-1FFF           100
        EEDATA           2100-21FF           100           2
        ENTRY            003-003             1           2
                         0DD-1FFF           100
        IDLOC            2000-2003             4           2
        RAM              037-06F            39           1
                         0A0-0EF            50
                         110-16F            60
                         190-1EF            60
        SFR0             000-01F            20           1
        SFR1             080-09F            20           1
        SFR2             100-10F            10           1
        SFR3             180-18F            10           1
        STACK            110-16F            60           1
        STRCODE          003-003             1           2
                         0DD-1FFF          1F23
        STRING           003-003             1           2
                         0DD-1FFF           100

                                  Symbol Table

_ANSEL                   (abs)        188
_ANSELH                  (abs)        189
_GIE                     (abs)        05F
_INTE                    (abs)        05C
_INTF                    (abs)        059
_PEIE                    (abs)        05E
_PORTA                   (abs)        005
_PORTB                   (abs)        006
_PORTC                   (abs)        007
_TRISA                   (abs)        085
_TRISB                   (abs)        086
_TRISC                   (abs)        087
__Habs1                  abs1         000
__Hbank0                 bank0        000
__Hbank1                 bank1        000
__Hbank2                 bank2        000
__Hbank3                 bank3        000
__HbssCOMMON             bssCOMMON    000
__Hcinit                 cinit        029
__Hclrtext               clrtext      000
__Hcode                  code         000
__Hcommon                common       000
__HcstackBANK0           cstackBANK0  000
__HcstackCOMMON          cstackCOMMON 000
__HdataBANK0             dataBANK0    000
__Heeprom_data           eeprom_data  000
__Hend_init              end_init     015
__Hfunctab               functab      000
__HidataBANK0            idataBANK0   000
__Hinit                  init         012
__Hinittext              inittext     000
__Hintentry              intentry     012
__Hmaintext              maintext     000
__HnvCOMMON              nvCOMMON     000
__Hpowerup               powerup      000
__Hram                   ram          000
__Hreset_vec             reset_vec    003
__Hsfr0                  sfr0         000
__Hsfr1                  sfr1         000
__Hsfr2                  sfr2         000
__Hsfr3                  sfr3         000
__Hspace_0               (abs)        0DD
__Hspace_1               (abs)        07B
__Hspace_2               (abs)        000
__Hspace_3               (abs)        000
__Hstack                 stack        000
__Hstrings               strings      000
__Htext                  text         000
__Labs1                  abs1         000
__Lbank0                 bank0        000
__Lbank1                 bank1        000
__Lbank2                 bank2        000
__Lbank3                 bank3        000
__LbssCOMMON             bssCOMMON    000
__Lcinit                 cinit        015
__Lclrtext               clrtext      000
__Lcode                  code         000
__Lcommon                common       000
__LcstackBANK0           cstackBANK0  000
__LcstackCOMMON          cstackCOMMON 000
__LdataBANK0             dataBANK0    000
__Leeprom_data           eeprom_data  000
__Lend_init              end_init     012
__Lfunctab               functab      000
__LidataBANK0            idataBANK0   000
__Linit                  init         012
__Linittext              inittext     000
__Lintentry              intentry     004
__Lmaintext              maintext     000
__LnvCOMMON              nvCOMMON     000
__Lpowerup               powerup      000
__Lram                   ram          000
__Lreset_vec             reset_vec    000
__Lsfr0                  sfr0         000
__Lsfr1                  sfr1         000
__Lsfr2                  sfr2         000
__Lsfr3                  sfr3         000
__Lspace_0               (abs)        000
__Lspace_1               (abs)        000
__Lspace_2               (abs)        000
__Lspace_3               (abs)        000
__Lstack                 stack        000
__Lstrings               strings      000
__Ltext                  text         000
__S0                     (abs)        0DD
__S1                     (abs)        07B
__S2                     (abs)        000
__S3                     (abs)        000
___int_sp                stack        000
___latbits               (abs)        002
___sp                    stack        000
___stackhi               (abs)        000
___stacklo               (abs)        000
__end_of__initialization cinit        025
__end_of_itr             text1        0B6
__end_of_main            maintext     075
__initialization         cinit        015
__pbssCOMMON             bssCOMMON    079
__pcstackBANK0           cstackBANK0  034
__pcstackCOMMON          cstackCOMMON 070
__pdataBANK0             dataBANK0    020
__pidataBANK0            idataBANK0   0B6
__pintentry              intentry     004
__pmaintext              maintext     029
__pnvCOMMON              nvCOMMON     077
__ptext1                 text1        075
__size_of_itr            (abs)        000
__size_of_main           (abs)        000
_cc                      dataBANK0    020
_i                       nvCOMMON     077
_itr                     text1        075
_j                       bssCOMMON    079
_main                    maintext     029
btemp                    (abs)        07E
end_of_initialization    cinit        025
init_fetch0              inittext     0CA
init_ram0                inittext     0CE
interrupt_function       intentry     004
intlevel0                functab      000
intlevel1                functab      000
intlevel2                functab      000
intlevel3                functab      000
intlevel4                functab      000
intlevel5                functab      000
reset_vec                reset_vec    000
saved_w                  (abs)        07E
start                    init         012
start_initialization     cinit        015
wtemp0                   (abs)        07E


MODULE INFORMATION

Module		Function		Class		Link	Load	Size
shared
		__initialization		CODE           	0015	0000	16

shared estimated size: 16

SEGMENT.c
		_main          		CODE           	0029	0000	76
		_itr           		CODE           	0075	0000	65

SEGMENT.c estimated size: 141

