Microchip MPLAB XC8 Compiler V2.32

Linker command line:

-W-3 --edf=C:\Program Files\Microchip\xc8\v2.32\pic\dat\en_msgs.txt -cn \
  -h+dist/default/production\two_string.X.production.sym \
  --cmf=dist/default/production\two_string.X.production.cmf -z -Q16F887 \
  -oC:\Users\Admin\AppData\Local\Temp\xcAs98g.4 --defsym=__MPLAB_BUILD=1 \
  -Mdist/default/production/two_string.X.production.map -E1 \
  -ver=XC8 Compiler --acfsm=1493 -ASTACK=0110h-016Fh -pstack=STACK \
  -ACODE=00h-07FFhx4 -ASTRCODE=00h-01FFFh -ASTRING=00h-0FFhx32 \
  -ACONST=00h-0FFhx32 -AENTRY=00h-0FFhx32 -ACOMMON=070h-07Fh \
  -ABANK0=020h-06Fh -ABANK1=0A0h-0EFh -ABANK2=0110h-016Fh \
  -ABANK3=0190h-01EFh -ARAM=020h-06Fh,0A0h-0EFh,0110h-016Fh,0190h-01EFh \
  -AABS1=020h-07Fh,0A0h-0EFh,0110h-016Fh,0190h-01EFh -ASFR0=00h-01Fh \
  -ASFR1=080h-09Fh -ASFR2=0100h-010Fh -ASFR3=0180h-018Fh \
  -ACONFIG=02007h-02008h -DCONFIG=2 -AIDLOC=02000h-02003h -DIDLOC=2 \
  -AEEDATA=00h-0FFh/02100h -peeprom_data=EEDATA -DEEDATA=2 -DCODE=2 \
  -DSTRCODE=2 -DSTRING=2 -DCONST=2 -DENTRY=2 \
  -preset_vec=00h,intentry,init,end_init -ppowerup=CODE -pcinit=CODE \
  -pfunctab=ENTRY -k C:\Users\Admin\AppData\Local\Temp\xcAs98g.o \
  dist/default/production\two_string.X.production.o 

Object code version is 3.11

Machine type is 16F887



                Name                               Link     Load   Length Selector   Space Scale
C:\Users\Admin\AppData\Local\Temp\xcAs98g.o
                end_init                              0        0        3        0       0
dist/default/production\two_string.X.production.o
                cinit                               7FC      7FC        4      FF8       0
                text6                               783      783       19      F06       0
                text5                               755      755       17      EAA       0
                text4                               76C      76C       17      ED8       0
                text3                               79C      79C       2C      F38       0
                text2                               73D      73D        C      E7A       0
                text1                               749      749        C      E92       0
                maintext                            7C8      7C8       34      F90       0
                cstackCOMMON                         70       70        5       70       1
                strings                               3        3       24        6       0

TOTAL           Name                               Link     Load   Length     Space
        CLASS   STACK          

        CLASS   CODE           
                end_init                              0        0        3         0
                cinit                               7FC      7FC        4         0
                text6                               783      783       19         0
                text5                               755      755       17         0
                text4                               76C      76C       17         0
                text3                               79C      79C       2C         0
                text2                               73D      73D        C         0
                text1                               749      749        C         0
                maintext                            7C8      7C8       34         0

        CLASS   STRCODE        

        CLASS   STRING         
                strings                               3        3       24         0

        CLASS   CONST          

        CLASS   ENTRY          

        CLASS   COMMON         
                cstackCOMMON                         70       70        5         1

        CLASS   BANK0          

        CLASS   BANK1          

        CLASS   BANK2          

        CLASS   BANK3          

        CLASS   RAM            

        CLASS   ABS1           
                abs_s1                               7E       7E        2         1

        CLASS   SFR0           

        CLASS   SFR1           

        CLASS   SFR2           

        CLASS   SFR3           

        CLASS   CONFIG         

        CLASS   IDLOC          

        CLASS   EEDATA         



SEGMENTS        Name                           Load    Length   Top    Selector   Space  Class     Delta

                reset_vec                      000000  000003  000003         0       0  CODE        2
                strings                        000003  000024  000027         6       0  STRING      2
                cstackCOMMON                   000070  000005  000075        70       1  COMMON      1
                text2                          00073D  00000C  000749       E7A       0  CODE        2
                text1                          000749  00000C  000755       E92       0  CODE        2
                text5                          000755  000017  00076C       EAA       0  CODE        2
                text4                          00076C  000017  000783       ED8       0  CODE        2
                text6                          000783  000019  00079C       F06       0  CODE        2
                text3                          00079C  00002C  0007C8       F38       0  CODE        2
                maintext                       0007C8  000034  0007FC       F90       0  CODE        2
                cinit                          0007FC  000004  000800       FF8       0  CODE        2


UNUSED ADDRESS RANGES

        Name                Unused          Largest block    Delta
        BANK0            0020-006F             50           1
        BANK1            00A0-00EF             50           1
        BANK2            0110-016F             60           1
        BANK3            0190-01EF             60           1
        CODE             0027-073C            716           2
                         0800-1FFF            800
        COMMON           0075-007D              9           1
        CONFIG           2007-2008              2           2
        CONST            0027-073C            100           2
                         0800-1FFF            100
        EEDATA           2100-21FF            100           2
        ENTRY            0027-073C            100           2
                         0800-1FFF            100
        IDLOC            2000-2003              4           2
        RAM              0020-006F             50           1
                         00A0-00EF             50
                         0110-016F             60
                         0190-01EF             60
        SFR0             0000-001F             20           1
        SFR1             0080-009F             20           1
        SFR2             0100-010F             10           1
        SFR3             0180-018F             10           1
        STACK            0110-016F             60           1
        STRCODE          0027-073C            716           2
                         0800-1FFF           1800
        STRING           0027-073C            100           2
                         0800-1FFF            100

                                  Symbol Table

_ANSEL                   (abs)        0188
_ANSELH                  (abs)        0189
_PORTA                   (abs)        0005
_PORTD                   (abs)        0008
_RD5                     (abs)        0045
_RD6                     (abs)        0046
_RD7                     (abs)        0047
_TRISA                   (abs)        0085
_TRISD                   (abs)        0088
__Habs1                  abs1         0000
__Hbank0                 bank0        0000
__Hbank1                 bank1        0000
__Hbank2                 bank2        0000
__Hbank3                 bank3        0000
__Hcinit                 cinit        0800
__Hclrtext               clrtext      0000
__Hcode                  code         0000
__Hcommon                common       0000
__HcstackCOMMON          cstackCOMMON 0000
__Heeprom_data           eeprom_data  0000
__Hend_init              end_init     0003
__Hfunctab               functab      0000
__Hinit                  init         0000
__Hintentry              intentry     0000
__Hmaintext              maintext     0000
__Hpowerup               powerup      0000
__Hram                   ram          0000
__Hreset_vec             reset_vec    0000
__Hsfr0                  sfr0         0000
__Hsfr1                  sfr1         0000
__Hsfr2                  sfr2         0000
__Hsfr3                  sfr3         0000
__Hspace_0               (abs)        0800
__Hspace_1               (abs)        0075
__Hspace_2               (abs)        0000
__Hspace_3               (abs)        0000
__Hstack                 stack        0000
__Hstrings               strings      0000
__Htext                  text         0000
__Labs1                  abs1         0000
__Lbank0                 bank0        0000
__Lbank1                 bank1        0000
__Lbank2                 bank2        0000
__Lbank3                 bank3        0000
__Lcinit                 cinit        07FC
__Lclrtext               clrtext      0000
__Lcode                  code         0000
__Lcommon                common       0000
__LcstackCOMMON          cstackCOMMON 0000
__Leeprom_data           eeprom_data  0000
__Lend_init              end_init     0000
__Lfunctab               functab      0000
__Linit                  init         0000
__Lintentry              intentry     0000
__Lmaintext              maintext     0000
__Lpowerup               powerup      0000
__Lram                   ram          0000
__Lreset_vec             reset_vec    0000
__Lsfr0                  sfr0         0000
__Lsfr1                  sfr1         0000
__Lsfr2                  sfr2         0000
__Lsfr3                  sfr3         0000
__Lspace_0               (abs)        0000
__Lspace_1               (abs)        0000
__Lspace_2               (abs)        0000
__Lspace_3               (abs)        0000
__Lstack                 stack        0000
__Lstrings               strings      0000
__Ltext                  text         0000
__S0                     (abs)        0800
__S1                     (abs)        0075
__S2                     (abs)        0000
__S3                     (abs)        0000
___int_sp                stack        0000
___latbits               (abs)        0002
___sp                    stack        0000
___stackhi               (abs)        0000
___stacklo               (abs)        0000
__end_of__initialization cinit        07FC
__end_of__stringtab      strings      0009
__end_of_address1        text5        076C
__end_of_address2        text4        0783
__end_of_display         text3        07C8
__end_of_main            maintext     07FC
__end_of_on              text2        0749
__end_of_pulse           text6        079C
__end_of_type            text1        0755
__initialization         cinit        07FC
__pcstackCOMMON          cstackCOMMON 0070
__pmaintext              maintext     07C8
__pstrings               strings      0003
__ptext1                 text1        0749
__ptext2                 text2        073D
__ptext3                 text3        079C
__ptext4                 text4        076C
__ptext5                 text5        0755
__ptext6                 text6        0783
__size_of_address1       (abs)        0000
__size_of_address2       (abs)        0000
__size_of_display        (abs)        0000
__size_of_main           (abs)        0000
__size_of_on             (abs)        0000
__size_of_pulse          (abs)        0000
__size_of_type           (abs)        0000
__stringbase             strings      0008
__stringtab              strings      0003
_address1                text5        0755
_address2                text4        076C
_display                 text3        079C
_main                    maintext     07C8
_on                      text2        073D
_pulse                   text6        0783
_type                    text1        0749
btemp                    (abs)        007E
display@i                cstackCOMMON 0072
display@name             cstackCOMMON 0074
end_of_initialization    cinit        07FC
intlevel0                functab      0000
intlevel1                functab      0000
intlevel2                functab      0000
intlevel3                functab      0000
intlevel4                functab      0000
intlevel5                functab      0000
reset_vec                reset_vec    0000
start                    init         0000
start_initialization     cinit        07FC
wtemp0                   (abs)        007E


MODULE INFORMATION

Module		Function		Class		Link	Load	Size
two string.c
		_display       		CODE           	079C	0000	44
		_main          		CODE           	07C8	0000	52
		_address1      		CODE           	0755	0000	23
		_address2      		CODE           	076C	0000	23
		_type          		CODE           	0749	0000	12
		_on            		CODE           	073D	0000	12
		_pulse         		CODE           	0783	0000	25

two string.c estimated size: 191

shared
		__stringtab    		STRING         	0003	0000	6
		__initialization		CODE           	07FC	0000	1

shared estimated size: 7

