Microchip MPLAB XC8 Compiler V2.32

Linker command line:

-W-3 --edf=C:\Program Files\Microchip\xc8\v2.32\pic\dat\en_msgs.txt -cn \
  -h+dist/default/production\lcdsegment_interrupts.X.production.sym \
  --cmf=dist/default/production\lcdsegment_interrupts.X.production.cmf -z \
  -Q16F887 -oC:\Users\Admin\AppData\Local\Temp\xcAsa84.4 \
  --defsym=__MPLAB_BUILD=1 \
  -Mdist/default/production/lcdsegment_interrupts.X.production.map -E1 \
  -ver=XC8 Compiler --acfsm=1493 -ASTACK=0110h-016Fh -pstack=STACK \
  -ACODE=00h-07FFhx4 -ASTRCODE=00h-01FFFh -ASTRING=00h-0FFhx32 \
  -ACONST=00h-0FFhx32 -AENTRY=00h-0FFhx32 -ACOMMON=070h-07Fh \
  -ABANK0=020h-06Fh -ABANK1=0A0h-0EFh -ABANK2=0110h-016Fh \
  -ABANK3=0190h-01EFh -ARAM=020h-06Fh,0A0h-0EFh,0110h-016Fh,0190h-01EFh \
  -AABS1=020h-07Fh,0A0h-0EFh,0110h-016Fh,0190h-01EFh -ASFR0=00h-01Fh \
  -ASFR1=080h-09Fh -ASFR2=0100h-010Fh -ASFR3=0180h-018Fh \
  -ACONFIG=02007h-02008h -DCONFIG=2 -AIDLOC=02000h-02003h -DIDLOC=2 \
  -AEEDATA=00h-0FFh/02100h -peeprom_data=EEDATA -DEEDATA=2 -DCODE=2 \
  -DSTRCODE=2 -DSTRING=2 -DCONST=2 -DENTRY=2 \
  -preset_vec=00h,intentry=04h,init,end_init -ppowerup=CODE -pcinit=CODE \
  -pfunctab=ENTRY -k C:\Users\Admin\AppData\Local\Temp\xcAsa84.o \
  dist/default/production\lcdsegment_interrupts.X.production.o 

Object code version is 3.11

Machine type is 16F887



                Name                               Link     Load   Length Selector   Space Scale
C:\Users\Admin\AppData\Local\Temp\xcAsa84.o
                end_init                             12       12        3        8       0
                reset_vec                             0        0        3        0       0
dist/default/production\lcdsegment_interrupts.X.production.o
                cinit                                15       15       16        8       0
                intentry                              4        4        E        8       0
                text3                                AD       AD       41        8       0
                text2                               119      119       18        8       0
                text1                                EE       EE       2B        8       0
                maintext                             2B       2B       82        8       0
                cstackBANK0                          34       34        B       20       1
                cstackCOMMON                         70       70        7       70       1
                inittext                            145      145       13        8       0
                dataBANK0                            20       20       14       20       1
                bssBANK0                             3F       3F        2       20       1
                bssCOMMON                            77       77        2       70       1
                idataBANK0                          131      131       14        8       0

TOTAL           Name                               Link     Load   Length     Space
        CLASS   STACK          

        CLASS   CODE           
                end_init                             12       12        3         0
                cinit                                15       15       16         0
                intentry                              4        4        E         0
                reset_vec                             0        0        3         0
                text3                                AD       AD       41         0
                text2                               119      119       18         0
                text1                                EE       EE       2B         0
                maintext                             2B       2B       82         0
                inittext                            145      145       13         0
                idataBANK0                          131      131       14         0

        CLASS   STRCODE        

        CLASS   STRING         

        CLASS   CONST          

        CLASS   ENTRY          

        CLASS   COMMON         
                cstackCOMMON                         70       70        7         1
                bssCOMMON                            77       77        2         1

        CLASS   BANK0          
                cstackBANK0                          34       34        B         1
                dataBANK0                            20       20       14         1
                bssBANK0                             3F       3F        2         1

        CLASS   BANK1          

        CLASS   BANK2          

        CLASS   BANK3          

        CLASS   RAM            

        CLASS   ABS1           
                abs_s1                               7E       7E        2         1

        CLASS   SFR0           

        CLASS   SFR1           

        CLASS   SFR2           

        CLASS   SFR3           

        CLASS   CONFIG         

        CLASS   IDLOC          

        CLASS   EEDATA         



SEGMENTS        Name                           Load    Length   Top    Selector   Space  Class     Delta

                reset_vec                      000000  000003  000003         0       0  CODE        2
                intentry                       000004  000154  000158         8       0  CODE        2
                dataBANK0                      000020  000021  000041        20       1  BANK0       1
                cstackCOMMON                   000070  000009  000079        70       1  COMMON      1


UNUSED ADDRESS RANGES

        Name                Unused          Largest block    Delta
        BANK0            041-06F            2F           1
        BANK1            0A0-0EF            50           1
        BANK2            110-16F            60           1
        BANK3            190-1EF            60           1
        CODE             003-003             1           2
                         158-1FFF           800
        COMMON           079-07D             5           1
        CONFIG           2007-2008             2           2
        CONST            003-003             1           2
                         158-1FFF           100
        EEDATA           2100-21FF           100           2
        ENTRY            003-003             1           2
                         158-1FFF           100
        IDLOC            2000-2003             4           2
        RAM              041-06F            2F           1
                         0A0-0EF            50
                         110-16F            60
                         190-1EF            60
        SFR0             000-01F            20           1
        SFR1             080-09F            20           1
        SFR2             100-10F            10           1
        SFR3             180-18F            10           1
        STACK            110-16F            60           1
        STRCODE          003-003             1           2
                         158-1FFF          1EA8
        STRING           003-003             1           2
                         158-1FFF           100

                                  Symbol Table

_ANSEL                   (abs)        188
_ANSELH                  (abs)        189
_GIE                     (abs)        05F
_INTE                    (abs)        05C
_INTF                    (abs)        059
_PEIE                    (abs)        05E
_PORTA                   (abs)        005
_PORTB                   (abs)        006
_PORTC                   (abs)        007
_PORTD                   (abs)        008
_RA0                     (abs)        028
_RA1                     (abs)        029
_RA2                     (abs)        02A
_TRISA                   (abs)        085
_TRISB                   (abs)        086
_TRISC                   (abs)        087
_TRISD                   (abs)        088
__Habs1                  abs1         000
__Hbank0                 bank0        000
__Hbank1                 bank1        000
__Hbank2                 bank2        000
__Hbank3                 bank3        000
__HbssBANK0              bssBANK0     000
__HbssCOMMON             bssCOMMON    000
__Hcinit                 cinit        02B
__Hclrtext               clrtext      000
__Hcode                  code         000
__Hcommon                common       000
__HcstackBANK0           cstackBANK0  000
__HcstackCOMMON          cstackCOMMON 000
__HdataBANK0             dataBANK0    000
__Heeprom_data           eeprom_data  000
__Hend_init              end_init     015
__Hfunctab               functab      000
__HidataBANK0            idataBANK0   000
__Hinit                  init         012
__Hinittext              inittext     000
__Hintentry              intentry     012
__Hmaintext              maintext     000
__Hpowerup               powerup      000
__Hram                   ram          000
__Hreset_vec             reset_vec    003
__Hsfr0                  sfr0         000
__Hsfr1                  sfr1         000
__Hsfr2                  sfr2         000
__Hsfr3                  sfr3         000
__Hspace_0               (abs)        158
__Hspace_1               (abs)        079
__Hspace_2               (abs)        000
__Hspace_3               (abs)        000
__Hstack                 stack        000
__Hstrings               strings      000
__Htext                  text         000
__Labs1                  abs1         000
__Lbank0                 bank0        000
__Lbank1                 bank1        000
__Lbank2                 bank2        000
__Lbank3                 bank3        000
__LbssBANK0              bssBANK0     000
__LbssCOMMON             bssCOMMON    000
__Lcinit                 cinit        015
__Lclrtext               clrtext      000
__Lcode                  code         000
__Lcommon                common       000
__LcstackBANK0           cstackBANK0  000
__LcstackCOMMON          cstackCOMMON 000
__LdataBANK0             dataBANK0    000
__Leeprom_data           eeprom_data  000
__Lend_init              end_init     012
__Lfunctab               functab      000
__LidataBANK0            idataBANK0   000
__Linit                  init         012
__Linittext              inittext     000
__Lintentry              intentry     004
__Lmaintext              maintext     000
__Lpowerup               powerup      000
__Lram                   ram          000
__Lreset_vec             reset_vec    000
__Lsfr0                  sfr0         000
__Lsfr1                  sfr1         000
__Lsfr2                  sfr2         000
__Lsfr3                  sfr3         000
__Lspace_0               (abs)        000
__Lspace_1               (abs)        000
__Lspace_2               (abs)        000
__Lspace_3               (abs)        000
__Lstack                 stack        000
__Lstrings               strings      000
__Ltext                  text         000
__S0                     (abs)        158
__S1                     (abs)        079
__S2                     (abs)        000
__S3                     (abs)        000
___int_sp                stack        000
___latbits               (abs)        002
___sp                    stack        000
___stackhi               (abs)        000
___stacklo               (abs)        000
__end_of__initialization cinit        027
__end_of_itr             text3        0EE
__end_of_lcd             text1        119
__end_of_main            maintext     0AD
__end_of_pulse           text2        131
__initialization         cinit        015
__pbssBANK0              bssBANK0     03F
__pbssCOMMON             bssCOMMON    077
__pcstackBANK0           cstackBANK0  034
__pcstackCOMMON          cstackCOMMON 070
__pdataBANK0             dataBANK0    020
__pidataBANK0            idataBANK0   131
__pintentry              intentry     004
__pmaintext              maintext     02B
__ptext1                 text1        0EE
__ptext2                 text2        119
__ptext3                 text3        0AD
__size_of_itr            (abs)        000
__size_of_lcd            (abs)        000
__size_of_main           (abs)        000
__size_of_pulse          (abs)        000
_cc                      dataBANK0    020
_i                       bssBANK0     03F
_itr                     text3        0AD
_j                       bssCOMMON    077
_lcd                     text1        0EE
_main                    maintext     02B
_pulse                   text2        119
btemp                    (abs)        07E
end_of_initialization    cinit        027
init_fetch0              inittext     145
init_ram0                inittext     149
interrupt_function       intentry     004
intlevel0                functab      000
intlevel1                functab      000
intlevel2                functab      000
intlevel3                functab      000
intlevel4                functab      000
intlevel5                functab      000
lcd@a                    cstackBANK0  036
lcd@b                    cstackBANK0  038
reset_vec                reset_vec    000
saved_w                  (abs)        07E
start                    init         012
start_initialization     cinit        015
wtemp0                   (abs)        07E


MODULE INFORMATION

Module		Function		Class		Link	Load	Size
shared
		__initialization		CODE           	0015	0000	18

shared estimated size: 18

lcdsegment.c
		_main          		CODE           	002B	0000	130
		_itr           		CODE           	00AD	0000	65
		_lcd           		CODE           	00EE	0000	43
		_pulse         		CODE           	0119	0000	24

lcdsegment.c estimated size: 262

